BF MATCHED: 
RK MATCHED: 
KMP MATCHED: 
BM MATCHED: 
BF FAILED: 
RK FAILED: 
KMP FAILED: 
BM FAILED: 
BF FAILED: 
RK FAILED: 
KMP FAILED: 
BM FAILED: 
BF FAILED: 
RK FAILED: 
KMP FAILED: 
BM FAILED: 
BF FAILED: 
RK FAILED: 
KMP FAILED: 
BM FAILED: 
BF FAILED: 
RK FAILED: 
KMP FAILED: 
BM FAILED: 
BF MATCHED: 
RK MATCHED: 
KMP MATCHED: 
BM MATCHED: 
BF FAILED: 
RK FAILED: 
KMP FAILED: 
BM FAILED: 
